<?xml version="1.0" encoding="UTF-8"?>
<testsuites name="jest tests" tests="2" failures="0" errors="0" time="0.158">
  <testsuite name="undefined" errors="0" failures="0" skipped="0" timestamp="2024-10-25T16:21:54" time="0.143" tests="2">
    <testcase classname=" calculates total price without discount correctly" name=" calculates total price without discount correctly" time="0.001">
    </testcase>
    <testcase classname=" calculates total price with discount correctly" name=" calculates total price with discount correctly" time="0">
    </testcase>
  </testsuite>
</testsuites>